// Vitest Snapshot v1, https://vitest.dev/guide/snapshot.html

exports[`检查数字是否正确 1`] = `1`;
